
> phi-frontend@0.0.0 test
> jest --verbose

---------------------------------------------------------------------------------------------------------------------------|---------|----------|---------|---------|--------------------------------
File                                                                                                                       | % Stmts | % Branch | % Funcs | % Lines | Uncovered Line #s              
---------------------------------------------------------------------------------------------------------------------------|---------|----------|---------|---------|--------------------------------
All files                                                                                                                  |   88.91 |    48.43 |   79.24 |   88.91 |                                
 root                                                                                                                      |     100 |      100 |     100 |     100 |                                
  autocomplete.js                                                                                                          |     100 |      100 |     100 |     100 |                                
  dropdown-arrow-down.js                                                                                                   |     100 |      100 |     100 |     100 |                                
  status.js                                                                                                                |     100 |      100 |     100 |     100 |                                
  wrapper.js                                                                                                               |     100 |      100 |     100 |     100 |                                
 root/Users/620942/defra-test/phi-frontend/src/api/search                                                                  |   94.05 |    78.57 |     100 |   94.05 |                                
  controller.js                                                                                                            |   91.89 |    76.92 |     100 |   91.89 | 49-50,60-61,70-71              
  index.js                                                                                                                 |     100 |      100 |     100 |     100 |                                
 root/Users/620942/defra-test/phi-frontend/src/config                                                                      |     100 |      100 |     100 |     100 |                                
  index.js                                                                                                                 |     100 |      100 |     100 |     100 |                                
 root/Users/620942/defra-test/phi-frontend/src/config/nunjucks                                                             |   95.16 |      100 |       0 |   95.16 |                                
  globals.js                                                                                                               |     100 |      100 |     100 |     100 |                                
  index.js                                                                                                                 |   94.91 |      100 |       0 |   94.91 | 36-38                          
 root/Users/620942/defra-test/phi-frontend/src/config/nunjucks/context                                                     |     100 |      100 |     100 |     100 |                                
  build-navigation.js                                                                                                      |     100 |      100 |     100 |     100 |                                
  index.js                                                                                                                 |     100 |      100 |     100 |     100 |                                
 root/Users/620942/defra-test/phi-frontend/src/config/nunjucks/filters                                                     |     100 |    66.66 |     100 |     100 |                                
  format-currency.js                                                                                                       |     100 |      100 |     100 |     100 |                                
  format-date.js                                                                                                           |     100 |       50 |     100 |     100 | 4                              
  index.js                                                                                                                 |     100 |      100 |     100 |     100 |                                
 root/Users/620942/defra-test/phi-frontend/src/server                                                                      |   38.88 |    66.66 |   66.66 |   38.88 |                                
  index.js                                                                                                                 |   20.25 |      100 |       0 |   20.25 | 15-77                          
  localisation.js                                                                                                          |   89.65 |    66.66 |     100 |   89.65 | 22,27-28                       
 root/Users/620942/defra-test/phi-frontend/src/server/about                                                                |     100 |      100 |     100 |     100 |                                
  controller.js                                                                                                            |     100 |      100 |     100 |     100 |                                
 root/Users/620942/defra-test/phi-frontend/src/server/check-plant-health-information-and-import-rules/problem-with-service |   87.01 |    33.33 |     100 |   87.01 |                                
  controller.js                                                                                                            |   83.05 |       25 |     100 |   83.05 | 12,14,16,18,31-33,40-42        
  index.js                                                                                                                 |     100 |      100 |     100 |     100 |                                
 root/Users/620942/defra-test/phi-frontend/src/server/health                                                               |     100 |      100 |     100 |     100 |                                
  controller.js                                                                                                            |     100 |      100 |     100 |     100 |                                
  index.js                                                                                                                 |     100 |      100 |     100 |     100 |                                
 root/Users/620942/defra-test/phi-frontend/src/server/home                                                                 |     100 |      100 |     100 |     100 |                                
  controller.js                                                                                                            |     100 |      100 |     100 |     100 |                                
  index.js                                                                                                                 |     100 |      100 |     100 |     100 |                                
 root/Users/620942/defra-test/phi-frontend/src/server/login                                                                |   91.86 |       80 |      75 |   91.86 |                                
  controller.js                                                                                                            |   92.45 |       75 |     100 |   92.45 | 27-30                          
  index.js                                                                                                                 |    90.9 |      100 |      50 |    90.9 | 24-26                          
 root/Users/620942/defra-test/phi-frontend/src/server/plant-health                                                         |     100 |      100 |     100 |     100 |                                
  controller.js                                                                                                            |     100 |      100 |     100 |     100 |                                
  index.js                                                                                                                 |     100 |      100 |     100 |     100 |                                
 root/Users/620942/defra-test/phi-frontend/src/server/plant-health/country-search                                          |   81.48 |       40 |     100 |   81.48 |                                
  controller.js                                                                                                            |   79.16 |    38.23 |     100 |   79.16 | 32,34-37,64-84,115-118         
  index.js                                                                                                                 |     100 |      100 |     100 |     100 |                                
 root/Users/620942/defra-test/phi-frontend/src/server/plant-health/format                                                  |   33.89 |    29.16 |      40 |   33.89 |                                
  controller.js                                                                                                            |   30.38 |    26.08 |      25 |   30.38 | 53-274,277-286,311-314         
  index.js                                                                                                                 |     100 |      100 |     100 |     100 |                                
 root/Users/620942/defra-test/phi-frontend/src/server/plant-health/import-confirmation                                     |   94.78 |    53.33 |     100 |   94.78 |                                
  controller.js                                                                                                            |   93.81 |       50 |     100 |   93.81 | 19-22,77-78                    
  index.js                                                                                                                 |     100 |      100 |     100 |     100 |                                
 root/Users/620942/defra-test/phi-frontend/src/server/plant-health/pest-details                                            |     100 |       25 |     100 |     100 |                                
  controller.js                                                                                                            |     100 |       20 |     100 |     100 | 12-31,65-70                    
  index.js                                                                                                                 |     100 |      100 |     100 |     100 |                                
 root/Users/620942/defra-test/phi-frontend/src/server/plant-health/pest-search                                             |   24.09 |       55 |   33.33 |   24.09 |                                
  controller.js                                                                                                            |   20.89 |    52.63 |      20 |   20.89 | 18,20-23,26-28,60-62,69,71-395 
  index.js                                                                                                                 |     100 |      100 |     100 |     100 |                                
 root/Users/620942/defra-test/phi-frontend/src/server/plant-health/plant-details                                           |     100 |    18.75 |     100 |     100 |                                
  controller.js                                                                                                            |     100 |    13.33 |     100 |     100 | 12-30,46-91                    
  index.js                                                                                                                 |     100 |      100 |     100 |     100 |                                
 root/Users/620942/defra-test/phi-frontend/src/server/plant-health/purpose-of-visit                                        |     100 |       50 |     100 |     100 |                                
  controller.js                                                                                                            |     100 |    44.44 |     100 |     100 | 42-72                          
  index.js                                                                                                                 |     100 |      100 |     100 |     100 |                                
 root/Users/620942/defra-test/phi-frontend/src/server/plant-health/search                                                  |    77.3 |    66.66 |     100 |    77.3 |                                
  controller.js                                                                                                            |   73.98 |       60 |     100 |   73.98 | 87-118                         
  index.js                                                                                                                 |     100 |      100 |     100 |     100 |                                
 root/node_modules/core-js/internals                                                                                       |     100 |      100 |     100 |     100 |                                
  a-callable.js                                                                                                            |     100 |      100 |     100 |     100 |                                
  a-possible-prototype.js                                                                                                  |     100 |      100 |     100 |     100 |                                
  advance-string-index.js                                                                                                  |     100 |      100 |     100 |     100 |                                
  an-instance.js                                                                                                           |     100 |      100 |     100 |     100 |                                
  an-object.js                                                                                                             |     100 |      100 |     100 |     100 |                                
  array-includes.js                                                                                                        |     100 |      100 |     100 |     100 |                                
  array-iteration.js                                                                                                       |     100 |      100 |     100 |     100 |                                
  array-method-has-species-support.js                                                                                      |     100 |      100 |     100 |     100 |                                
  array-method-is-strict.js                                                                                                |     100 |      100 |     100 |     100 |                                
  array-set-length.js                                                                                                      |     100 |      100 |     100 |     100 |                                
  array-species-constructor.js                                                                                             |     100 |      100 |     100 |     100 |                                
  array-species-create.js                                                                                                  |     100 |      100 |     100 |     100 |                                
  call-with-safe-iteration-closing.js                                                                                      |     100 |      100 |     100 |     100 |                                
  classof-raw.js                                                                                                           |     100 |      100 |     100 |     100 |                                
  classof.js                                                                                                               |     100 |      100 |     100 |     100 |                                
  copy-constructor-properties.js                                                                                           |     100 |      100 |     100 |     100 |                                
  correct-prototype-getter.js                                                                                              |     100 |      100 |     100 |     100 |                                
  create-iter-result-object.js                                                                                             |     100 |      100 |     100 |     100 |                                
  create-non-enumerable-property.js                                                                                        |     100 |      100 |     100 |     100 |                                
  create-property-descriptor.js                                                                                            |     100 |      100 |     100 |     100 |                                
  create-property.js                                                                                                       |     100 |      100 |     100 |     100 |                                
  define-built-in-accessor.js                                                                                              |     100 |      100 |     100 |     100 |                                
  define-built-in.js                                                                                                       |     100 |      100 |     100 |     100 |                                
  define-built-ins.js                                                                                                      |     100 |      100 |     100 |     100 |                                
  define-global-property.js                                                                                                |     100 |      100 |     100 |     100 |                                
  descriptors.js                                                                                                           |     100 |      100 |     100 |     100 |                                
  document-create-element.js                                                                                               |     100 |      100 |     100 |     100 |                                
  does-not-exceed-safe-integer.js                                                                                          |     100 |      100 |     100 |     100 |                                
  engine-user-agent.js                                                                                                     |     100 |      100 |     100 |     100 |                                
  engine-v8-version.js                                                                                                     |     100 |      100 |     100 |     100 |                                
  enum-bug-keys.js                                                                                                         |     100 |      100 |     100 |     100 |                                
  error-stack-clear.js                                                                                                     |     100 |      100 |     100 |     100 |                                
  error-stack-install.js                                                                                                   |     100 |      100 |     100 |     100 |                                
  error-stack-installable.js                                                                                               |     100 |      100 |     100 |     100 |                                
  export.js                                                                                                                |     100 |      100 |     100 |     100 |                                
  fails.js                                                                                                                 |     100 |      100 |     100 |     100 |                                
  fix-regexp-well-known-symbol-logic.js                                                                                    |     100 |      100 |     100 |     100 |                                
  function-apply.js                                                                                                        |     100 |      100 |     100 |     100 |                                
  function-bind-context.js                                                                                                 |     100 |      100 |     100 |     100 |                                
  function-bind-native.js                                                                                                  |     100 |      100 |     100 |     100 |                                
  function-call.js                                                                                                         |     100 |      100 |     100 |     100 |                                
  function-name.js                                                                                                         |     100 |      100 |     100 |     100 |                                
  function-uncurry-this-accessor.js                                                                                        |     100 |      100 |     100 |     100 |                                
  function-uncurry-this-clause.js                                                                                          |     100 |      100 |     100 |     100 |                                
  function-uncurry-this.js                                                                                                 |     100 |      100 |     100 |     100 |                                
  get-built-in.js                                                                                                          |     100 |      100 |     100 |     100 |                                
  get-iterator-direct.js                                                                                                   |     100 |      100 |     100 |     100 |                                
  get-method.js                                                                                                            |     100 |      100 |     100 |     100 |                                
  global.js                                                                                                                |     100 |      100 |     100 |     100 |                                
  has-own-property.js                                                                                                      |     100 |      100 |     100 |     100 |                                
  hidden-keys.js                                                                                                           |     100 |      100 |     100 |     100 |                                
  html.js                                                                                                                  |     100 |      100 |     100 |     100 |                                
  ie8-dom-define.js                                                                                                        |     100 |      100 |     100 |     100 |                                
  indexed-object.js                                                                                                        |     100 |      100 |     100 |     100 |                                
  inherit-if-required.js                                                                                                   |     100 |      100 |     100 |     100 |                                
  inspect-source.js                                                                                                        |     100 |      100 |     100 |     100 |                                
  install-error-cause.js                                                                                                   |     100 |      100 |     100 |     100 |                                
  internal-state.js                                                                                                        |     100 |      100 |     100 |     100 |                                
  is-array.js                                                                                                              |     100 |      100 |     100 |     100 |                                
  is-callable.js                                                                                                           |     100 |      100 |     100 |     100 |                                
  is-constructor.js                                                                                                        |     100 |      100 |     100 |     100 |                                
  is-forced.js                                                                                                             |     100 |      100 |     100 |     100 |                                
  is-null-or-undefined.js                                                                                                  |     100 |      100 |     100 |     100 |                                
  is-object.js                                                                                                             |     100 |      100 |     100 |     100 |                                
  is-possible-prototype.js                                                                                                 |     100 |      100 |     100 |     100 |                                
  is-pure.js                                                                                                               |     100 |      100 |     100 |     100 |                                
  is-symbol.js                                                                                                             |     100 |      100 |     100 |     100 |                                
  iterator-close.js                                                                                                        |     100 |      100 |     100 |     100 |                                
  iterator-create-proxy.js                                                                                                 |     100 |      100 |     100 |     100 |                                
  iterator-map.js                                                                                                          |     100 |      100 |     100 |     100 |                                
  iterators-core.js                                                                                                        |     100 |      100 |     100 |     100 |                                
  length-of-array-like.js                                                                                                  |     100 |      100 |     100 |     100 |                                
  make-built-in.js                                                                                                         |     100 |      100 |     100 |     100 |                                
  math-trunc.js                                                                                                            |     100 |      100 |     100 |     100 |                                
  normalize-string-argument.js                                                                                             |     100 |      100 |     100 |     100 |                                
  object-assign.js                                                                                                         |     100 |      100 |     100 |     100 |                                
  object-create.js                                                                                                         |     100 |      100 |     100 |     100 |                                
  object-define-properties.js                                                                                              |     100 |      100 |     100 |     100 |                                
  object-define-property.js                                                                                                |     100 |      100 |     100 |     100 |                                
  object-get-own-property-descriptor.js                                                                                    |     100 |      100 |     100 |     100 |                                
  object-get-own-property-names.js                                                                                         |     100 |      100 |     100 |     100 |                                
  object-get-own-property-symbols.js                                                                                       |     100 |      100 |     100 |     100 |                                
  object-get-prototype-of.js                                                                                               |     100 |      100 |     100 |     100 |                                
  object-is-prototype-of.js                                                                                                |     100 |      100 |     100 |     100 |                                
  object-keys-internal.js                                                                                                  |     100 |      100 |     100 |     100 |                                
  object-keys.js                                                                                                           |     100 |      100 |     100 |     100 |                                
  object-property-is-enumerable.js                                                                                         |     100 |      100 |     100 |     100 |                                
  object-set-prototype-of.js                                                                                               |     100 |      100 |     100 |     100 |                                
  object-to-string.js                                                                                                      |     100 |      100 |     100 |     100 |                                
  ordinary-to-primitive.js                                                                                                 |     100 |      100 |     100 |     100 |                                
  own-keys.js                                                                                                              |     100 |      100 |     100 |     100 |                                
  proxy-accessor.js                                                                                                        |     100 |      100 |     100 |     100 |                                
  regexp-exec-abstract.js                                                                                                  |     100 |      100 |     100 |     100 |                                
  regexp-exec.js                                                                                                           |     100 |      100 |     100 |     100 |                                
  regexp-flags.js                                                                                                          |     100 |      100 |     100 |     100 |                                
  regexp-sticky-helpers.js                                                                                                 |     100 |      100 |     100 |     100 |                                
  regexp-unsupported-dot-all.js                                                                                            |     100 |      100 |     100 |     100 |                                
  regexp-unsupported-ncg.js                                                                                                |     100 |      100 |     100 |     100 |                                
  require-object-coercible.js                                                                                              |     100 |      100 |     100 |     100 |                                
  shared-key.js                                                                                                            |     100 |      100 |     100 |     100 |                                
  shared-store.js                                                                                                          |     100 |      100 |     100 |     100 |                                
  shared.js                                                                                                                |     100 |      100 |     100 |     100 |                                
  string-multibyte.js                                                                                                      |     100 |      100 |     100 |     100 |                                
  symbol-constructor-detection.js                                                                                          |     100 |      100 |     100 |     100 |                                
  to-absolute-index.js                                                                                                     |     100 |      100 |     100 |     100 |                                
  to-indexed-object.js                                                                                                     |     100 |      100 |     100 |     100 |                                
  to-integer-or-infinity.js                                                                                                |     100 |      100 |     100 |     100 |                                
  to-length.js                                                                                                             |     100 |      100 |     100 |     100 |                                
  to-object.js                                                                                                             |     100 |      100 |     100 |     100 |                                
  to-primitive.js                                                                                                          |     100 |      100 |     100 |     100 |                                
  to-property-key.js                                                                                                       |     100 |      100 |     100 |     100 |                                
  to-string-tag-support.js                                                                                                 |     100 |      100 |     100 |     100 |                                
  to-string.js                                                                                                             |     100 |      100 |     100 |     100 |                                
  try-to-string.js                                                                                                         |     100 |      100 |     100 |     100 |                                
  uid.js                                                                                                                   |     100 |      100 |     100 |     100 |                                
  use-symbol-as-uid.js                                                                                                     |     100 |      100 |     100 |     100 |                                
  v8-prototype-define-bug.js                                                                                               |     100 |      100 |     100 |     100 |                                
  weak-map-basic-detection.js                                                                                              |     100 |      100 |     100 |     100 |                                
  well-known-symbol.js                                                                                                     |     100 |      100 |     100 |     100 |                                
  wrap-error-constructor-with-cause.js                                                                                     |     100 |      100 |     100 |     100 |                                
 root/node_modules/core-js/modules                                                                                         |     100 |      100 |     100 |     100 |                                
  es.array.concat.js                                                                                                       |     100 |      100 |     100 |     100 |                                
  es.array.filter.js                                                                                                       |     100 |      100 |     100 |     100 |                                
  es.array.join.js                                                                                                         |     100 |      100 |     100 |     100 |                                
  es.array.map.js                                                                                                          |     100 |      100 |     100 |     100 |                                
  es.array.push.js                                                                                                         |     100 |      100 |     100 |     100 |                                
  es.error.cause.js                                                                                                        |     100 |      100 |     100 |     100 |                                
  es.function.name.js                                                                                                      |     100 |      100 |     100 |     100 |                                
  es.object.assign.js                                                                                                      |     100 |      100 |     100 |     100 |                                
  es.object.to-string.js                                                                                                   |     100 |      100 |     100 |     100 |                                
  es.regexp.exec.js                                                                                                        |     100 |      100 |     100 |     100 |                                
  es.string.match.js                                                                                                       |     100 |      100 |     100 |     100 |                                
  esnext.iterator.constructor.js                                                                                           |     100 |      100 |     100 |     100 |                                
  esnext.iterator.filter.js                                                                                                |     100 |      100 |     100 |     100 |                                
  esnext.iterator.map.js                                                                                                   |     100 |      100 |     100 |     100 |                                
 root/node_modules/preact/dist                                                                                             |     100 |      100 |     100 |     100 |                                
  preact.mjs                                                                                                               |     100 |      100 |     100 |     100 |                                
 root/webpack                                                                                                              |   67.64 |        0 |       0 |   67.64 |                                
  bootstrap                                                                                                                |     100 |      100 |     100 |     100 |                                
  universalModuleDefinition                                                                                                |       0 |        0 |       0 |       0 | 1-11                           
 root/webpack/runtime                                                                                                      |     100 |      100 |     100 |     100 |                                
  define property getters                                                                                                  |     100 |      100 |     100 |     100 |                                
  global                                                                                                                   |     100 |      100 |     100 |     100 |                                
  hasOwnProperty shorthand                                                                                                 |     100 |      100 |     100 |     100 |                                
---------------------------------------------------------------------------------------------------------------------------|---------|----------|---------|---------|--------------------------------
